---
source: src/quads.rs
expression: mesh

---
Mesh {
    cells: [
        Vector4 [
            0,
            1,
            2,
            3,
        ],
    ],
    positions: [
        Vector3 [
            -1.0,
            0.0,
            -1.5,
        ],
        Vector3 [
            -1.0,
            0.0,
            1.5,
        ],
        Vector3 [
            1.0,
            0.0,
            1.5,
        ],
        Vector3 [
            1.0,
            0.0,
            -1.5,
        ],
    ],
}
